// Jest Snapshot v1, https://goo.gl/fbAQLP

exports[`Renders Login page 1`] = `
<View
  style={
    Object {
      "alignItems": "center",
      "backgroundColor": "#fff",
      "flex": 1,
      "justifyContent": "flex-start",
    }
  }
>
  <View
    style={
      Object {
        "alignItems": "center",
        "height": 500,
        "justifyContent": "center",
        "width": "100%",
      }
    }
  >
    <Image
      resizeMode="contain"
      source={
        Object {
          "testUri": "../../../src/assets/images/LoginLogo.png",
        }
      }
      style={
        Object {
          "width": 250,
        }
      }
    />
  </View>
  <View
    accessible={true}
    collapsable={false}
    focusable={true}
    onClick={[Function]}
    onResponderGrant={[Function]}
    onResponderMove={[Function]}
    onResponderRelease={[Function]}
    onResponderTerminate={[Function]}
    onResponderTerminationRequest={[Function]}
    onStartShouldSetResponder={[Function]}
    style={
      Object {
        "backgroundColor": "#008080",
        "borderRadius": 15,
        "opacity": 1,
        "paddingHorizontal": 35,
        "paddingVertical": 15,
      }
    }
  >
    <Text
      style={
        Object {
          "color": "#fff",
          "fontSize": 19,
          "fontWeight": "700",
        }
      }
    >
      Join Our School
    </Text>
  </View>
  <View
    style={
      Object {
        "flexDirection": "row",
        "marginTop": 15,
      }
    }
  >
    <Text
      style={
        Object {
          "fontSize": 16,
          "marginRight": 5,
        }
      }
    >
      Existing User?
    </Text>
    <View
      accessible={true}
      collapsable={false}
      focusable={true}
      onClick={[Function]}
      onResponderGrant={[Function]}
      onResponderMove={[Function]}
      onResponderRelease={[Function]}
      onResponderTerminate={[Function]}
      onResponderTerminationRequest={[Function]}
      onStartShouldSetResponder={[Function]}
      style={
        Object {
          "opacity": 1,
        }
      }
    >
      <Text
        style={
          Object {
            "color": "#1f98d7",
            "fontSize": 16,
          }
        }
      >
        Login
      </Text>
    </View>
  </View>
</View>
`;
